// Jest Snapshot v1, https://goo.gl/fbAQLP

exports[`Comments tests renders without crashing 1`] = `
<div
  className="comments-container"
>
  <div
    className="comments"
  >
    <div
      className="comment-container"
      key="1"
      onMouseEnter={[Function]}
      onMouseLeave={[Function]}
    >
      <UserAvatar
        name="user avatar"
        onClick={[Function]}
        src="user.png"
        style={
          Object {
            "display": "flex",
            "height": 30,
            "width": 30,
          }
        }
      />
      <div
        className="comment"
      >
        <div
          className="comment-left"
        >
          <div
            className="comment-body"
          >
            <span
              className="comment-user"
              onClick={[Function]}
            />
            <span
              className="comment-content"
            >
              comment
            </span>
          </div>
          <div
            className="icon-placeholder"
          />
        </div>
        <div
          className="time"
        >
          August 17th
        </div>
      </div>
    </div>
  </div>
  <NewInput
    buttonLabel="post"
    cancel={[Function]}
    content={
      Object {
        "content": "",
        "type": "comment",
      }
    }
    editMode={false}
    focus={[Function]}
    name="comment"
    onChange={[Function]}
    pictureUrl={null}
    save={[Function]}
    submitting={false}
  />
  <SnackbarComponent
    closeSnackBar={[Function]}
    message={
      Object {
        "content": "You have deleted undefined's comment",
        "success": true,
      }
    }
    open={false}
    undo="undo"
  />
</div>
`;
