// Jest Snapshot v1, https://goo.gl/fbAQLP

exports[`NewInput tests renders without crashing 1`] = `
<div
  className="input-container"
>
  <UserAvatar
    name="user avatar"
    onClick={[Function]}
    src="user.png"
    style={
      Object {
        "display": "flex",
        "height": 30,
        "width": 30,
      }
    }
  />
  <WithStyles(TextInput)
    className="text-field"
    disableUnderline={true}
    name=""
    onChange={[Function]}
    onFocus={[Function]}
    onKeyPress={[Function]}
    placeholder="type edit"
    style={
      Object {
        "fontSize": 14,
      }
    }
    type="text"
    value=""
  />
  <a
    className="submit-button"
    onClick={[Function]}
  >
    NAME
  </a>
</div>
`;
