// Jest Snapshot v1, https://goo.gl/fbAQLP

exports[`Items tests renders without crashing 1`] = `
<div
  className="items-container"
>
  <div
    className="items-nav-buttons"
  />
  <div
    className="item-container"
    key="1"
  >
    <div
      className="item-left"
    >
      <div
        className="item-name"
      >
        item
      </div>
      <CheckBox
        checked={true}
        disabled={false}
        onChange={[Function]}
      />
    </div>
    <WithStyles(IconButton)
      aria-haspopup="true"
      aria-label="More"
      aria-owns={null}
      onClick={[Function]}
    >
      <pure(MoreVert)
        style={
          Object {
            "color": "#444",
          }
        }
      />
    </WithStyles(IconButton)>
  </div>
  <div
    className="items-nav-buttons"
  />
  <NewInput
    buttonLabel="add"
    cancel={[Function]}
    content={
      Object {
        "content": "",
        "name": "",
        "type": "name",
      }
    }
    editMode={false}
    focus={[Function]}
    name="item"
    onChange={[Function]}
    pictureUrl={null}
    save={[Function]}
    submitting={false}
  />
  <SnackbarComponent
    closeSnackBar={[Function]}
    message={
      Object {
        "content": "You have deleted undefined",
        "success": true,
      }
    }
    open={false}
    undo="undo"
  />
</div>
`;
