// Jest Snapshot v1, https://goo.gl/fbAQLP

exports[`UserThumbnail tests renders without crashing 1`] = `
<div
  className="user-thumbnail"
  style={
    Object {
      "backgroundColor": "#f0f0f0",
    }
  }
>
  <UserAvatar
    name="user avatar"
    onClick={[Function]}
    src="user.png"
    style={
      Object {
        "display": "flex",
        "height": 60,
        "width": 60,
      }
    }
  />
  <div
    className="user-actions"
  >
    <div
      className="user-alert-text"
      onClick={[Function]}
    >
      <span
        className="username"
      >
        undefined 
      </span>
      <span
        className="alert-text"
      >
        added you.
      </span>
    </div>
    <div
      className="user-alert-buttons"
    >
      <WithStyles(RaisedButton)
        label="Add"
        onClick={[Function]}
      />
      <WithStyles(FlatButton)
        label="Ignore"
        onClick={[Function]}
        style={
          Object {
            "backgroundColor": "#eee",
            "color": "grey",
          }
        }
      />
    </div>
  </div>
</div>
`;
