// Jest Snapshot v1, https://goo.gl/fbAQLP

exports[`Form tests renders without crashing 1`] = `
<WithStyles(Modal)
  onClose={[Function]}
  open={true}
  style={
    Object {
      "alignItems": "center",
      "display": "flex",
      "flexDirection": "column",
      "height": "100%",
      "justifyContent": "center",
    }
  }
>
  <div
    className="form-container"
  >
    <div
      className="form-title"
    >
      Add bucketlist
    </div>
    <div
      className="input-wrapper"
    >
      <TextField
        autoFocus={true}
        error={false}
        name="name"
        onChange={[Function]}
        placeholder="name of your bucketlist"
        required={false}
        select={false}
        style={
          Object {
            "alignSelf": "center",
            "display": "flex",
            "justifyContent": "center",
            "width": "calc(100% - 40px)",
          }
        }
        value=""
      />
      <TextField
        multiline={true}
        name="description"
        onChange={[Function]}
        placeholder="tell people more about your bucketlist"
        required={false}
        rows={4}
        rowsMax={4}
        select={false}
        style={
          Object {
            "alignSelf": "center",
            "display": "flex",
            "justifyContent": "center",
            "width": "calc(100% - 40px)",
          }
        }
        value=""
      />
      <WithStyles(DatePicker)
        defaultValue=""
        label="due date"
        onChange={[Function]}
      />
      <TextField
        label="select category"
        name="category"
        onChange={[Function]}
        required={false}
        select={true}
        style={
          Object {
            "alignSelf": "center",
            "display": "flex",
            "justifyContent": "center",
            "width": "calc(100% - 40px)",
          }
        }
        value=""
      >
        <WithStyles(MenuItem)
          key="Art & Design"
          value="Art & Design"
        >
          Art & Design
        </WithStyles(MenuItem)>
        <WithStyles(MenuItem)
          key="Auto & Vehicles"
          value="Auto & Vehicles"
        >
          Auto & Vehicles
        </WithStyles(MenuItem)>
        <WithStyles(MenuItem)
          key="Books"
          value="Books"
        >
          Books
        </WithStyles(MenuItem)>
        <WithStyles(MenuItem)
          key="Business"
          value="Business"
        >
          Business
        </WithStyles(MenuItem)>
        <WithStyles(MenuItem)
          key="Dating"
          value="Dating"
        >
          Dating
        </WithStyles(MenuItem)>
        <WithStyles(MenuItem)
          key="Education"
          value="Education"
        >
          Education
        </WithStyles(MenuItem)>
        <WithStyles(MenuItem)
          key="Entertainment"
          value="Entertainment"
        >
          Entertainment
        </WithStyles(MenuItem)>
        <WithStyles(MenuItem)
          key="Events"
          value="Events"
        >
          Events
        </WithStyles(MenuItem)>
        <WithStyles(MenuItem)
          key="Finance"
          value="Finance"
        >
          Finance
        </WithStyles(MenuItem)>
        <WithStyles(MenuItem)
          key="Food & Drink"
          value="Food & Drink"
        >
          Food & Drink
        </WithStyles(MenuItem)>
        <WithStyles(MenuItem)
          key="Health & Fitness"
          value="Health & Fitness"
        >
          Health & Fitness
        </WithStyles(MenuItem)>
        <WithStyles(MenuItem)
          key="House & Home"
          value="House & Home"
        >
          House & Home
        </WithStyles(MenuItem)>
        <WithStyles(MenuItem)
          key="Music"
          value="Music"
        >
          Music
        </WithStyles(MenuItem)>
        <WithStyles(MenuItem)
          key="Photography"
          value="Photography"
        >
          Photography
        </WithStyles(MenuItem)>
        <WithStyles(MenuItem)
          key="Shopping"
          value="Shopping"
        >
          Shopping
        </WithStyles(MenuItem)>
        <WithStyles(MenuItem)
          key="Social"
          value="Social"
        >
          Social
        </WithStyles(MenuItem)>
        <WithStyles(MenuItem)
          key="Sports"
          value="Sports"
        >
          Sports
        </WithStyles(MenuItem)>
        <WithStyles(MenuItem)
          key="Travel & Local"
          value="Travel & Local"
        >
          Travel & Local
        </WithStyles(MenuItem)>
        <WithStyles(MenuItem)
          key="Adventure"
          value="Adventure"
        >
          Adventure
        </WithStyles(MenuItem)>
        <WithStyles(MenuItem)
          key="Other"
          value="Other"
        >
          Other
        </WithStyles(MenuItem)>
      </TextField>
      <LocationField
        bucketlist={
          Object {
            "category": "",
            "description": "",
            "dueDate": "",
            "location": "",
            "name": "",
            "privacy": "everyone",
          }
        }
        onChange={[Function]}
      />
      <PhotoField
        bucketlist={
          Object {
            "category": "",
            "description": "",
            "dueDate": "",
            "location": "",
            "name": "",
            "privacy": "everyone",
          }
        }
        changePhoto={[Function]}
        imageUrl=""
        removePhoto={[Function]}
      />
      <TextField
        label="privacy"
        name="privacy"
        onChange={[Function]}
        required={false}
        select={true}
        style={
          Object {
            "alignSelf": "center",
            "display": "flex",
            "justifyContent": "center",
            "width": "calc(100% - 40px)",
          }
        }
        value="everyone"
      >
        <WithStyles(MenuItem)
          key="everyone"
          value="everyone"
        >
          everyone
        </WithStyles(MenuItem)>
        <WithStyles(MenuItem)
          key="friends"
          value="friends"
        >
          friends
        </WithStyles(MenuItem)>
        <WithStyles(MenuItem)
          key="no one"
          value="no one"
        >
          no one
        </WithStyles(MenuItem)>
      </TextField>
    </div>
    <div
      className="actions"
    >
      <WithStyles(FlatButton)
        label="cancel"
        onClick={[Function]}
        style={
          Object {
            "color": "grey",
          }
        }
      />
      <WithStyles(FlatButton)
        disabled={true}
        keyboardFocused={true}
        label="save"
        onClick={[Function]}
      />
    </div>
  </div>
</WithStyles(Modal)>
`;
